// Jest Snapshot v1, https://goo.gl/fbAQLP

exports[`<Workout /> test suite should match to snapshot 1`] = `
<div>
  <div
    class="sc-hKMtZM sc-breuTD iOJXuY"
  >
    <div
      class="sc-dIouRR cWPGZB"
    >
      loading...
    </div>
  </div>
</div>
`;
